// Jest Snapshot v1, https://goo.gl/fbAQLP

exports[`castPropertyToFunctionInputDefinition should define the definition accurately for a array property 1`] = `"in_tag_ids varchar(16383)"`;

exports[`castPropertyToFunctionInputDefinition should define the definition accurately for a unit property 1`] = `"in_age int(11)"`;
